INA219 @ 0x40 connected on bus /dev/i2c-1
INA219 @ 0x41 connected on bus /dev/i2c-1
INA219 @ 0x44 connected on bus /dev/i2c-1
INA219 @ 0x45 connected on bus /dev/i2c-1
Logging ke: /home/orangepi/benchmark/result-cluster-run/llama32_1b/Alpaca/node4/power_multi_energy_run1.csv

====================================================================================================
  Summary (active/logged rows only)
====================================================================================================
  Duration     : 1530.9 s
  Samples      : 15295 (15206 logged, 89 idle/skipped)
----------------------------------------------------------------------------------------------------
  Sensor     Avg Power (W)    Energy (J)       Energy (Wh)     
----------------------------------------------------------------------------------------------------
  0x40       5.13845          7820.51473       2.1723652       
  0x41       4.29696          6539.82043       1.8166168       
  0x44       4.21052          6408.25918       1.7800720       
  0x45       4.07129          6196.35431       1.7212095       
----------------------------------------------------------------------------------------------------
  TOTAL      17.61428         26964.94865      7.4902635       
====================================================================================================
