INA219 @ 0x40 connected on bus /dev/i2c-1
INA219 @ 0x41 connected on bus /dev/i2c-1
INA219 @ 0x44 connected on bus /dev/i2c-1
INA219 @ 0x45 connected on bus /dev/i2c-1
Logging ke: /home/orangepi/benchmark/result-cluster-run/llama32_1b/Alpaca/node4/power_multi_energy_run3.csv

====================================================================================================
  Summary (active/logged rows only)
====================================================================================================
  Duration     : 560.2 s
  Samples      : 5596 (5510 logged, 86 idle/skipped)
----------------------------------------------------------------------------------------------------
  Sensor     Avg Power (W)    Energy (J)       Energy (Wh)     
----------------------------------------------------------------------------------------------------
  0x40       6.61882          3651.17302       1.0142147       
  0x41       6.49001          3580.11738       0.9944770       
  0x44       6.37266          3515.38453       0.9764957       
  0x45       6.06795          3347.29590       0.9298044       
----------------------------------------------------------------------------------------------------
  TOTAL      25.15671         14093.97083      3.9149919       
====================================================================================================
