INA219 @ 0x40 connected on bus /dev/i2c-1
INA219 @ 0x41 connected on bus /dev/i2c-1
INA219 @ 0x44 connected on bus /dev/i2c-1
INA219 @ 0x45 connected on bus /dev/i2c-1
Logging ke: /home/orangepi/benchmark/result-cluster-run/llama32_1b/Alpaca/node4/power_multi_energy_run2.csv

====================================================================================================
  Summary (active/logged rows only)
====================================================================================================
  Duration     : 2507.1 s
  Samples      : 25044 (24962 logged, 82 idle/skipped)
----------------------------------------------------------------------------------------------------
  Sensor     Avg Power (W)    Energy (J)       Energy (Wh)     
----------------------------------------------------------------------------------------------------
  0x40       4.80288          12001.90911      3.3338636       
  0x41       3.80843          9516.89815       2.6435828       
  0x44       3.74506          9358.53949       2.5995943       
  0x45       3.63259          9077.48398       2.5215233       
----------------------------------------------------------------------------------------------------
  TOTAL      15.93664         39954.83073      11.0985641      
====================================================================================================
