INA219 @ 0x40 connected on bus /dev/i2c-1
INA219 @ 0x41 connected on bus /dev/i2c-1
INA219 @ 0x44 connected on bus /dev/i2c-1
INA219 @ 0x45 connected on bus /dev/i2c-1
Logging ke: /home/orangepi/benchmark/result-cluster-run/qwen3_4b/Alpaca/node4/power_multi_energy_run1.csv

====================================================================================================
  Summary (active/logged rows only)
====================================================================================================
  Duration     : 3672.6 s
  Samples      : 36684 (36567 logged, 117 idle/skipped)
----------------------------------------------------------------------------------------------------
  Sensor     Avg Power (W)    Energy (J)       Energy (Wh)     
----------------------------------------------------------------------------------------------------
  0x40       5.39625          19754.86434      5.4874623       
  0x41       4.52880          16579.29154      4.6053588       
  0x44       4.61942          16911.03410      4.6975095       
  0x45       4.43676          16242.34347      4.5117621       
----------------------------------------------------------------------------------------------------
  TOTAL      18.92075         69487.53344      19.3020926      
====================================================================================================
