INA219 @ 0x40 connected on bus /dev/i2c-1
INA219 @ 0x41 connected on bus /dev/i2c-1
INA219 @ 0x44 connected on bus /dev/i2c-1
INA219 @ 0x45 connected on bus /dev/i2c-1
Logging ke: /home/orangepi/benchmark/result-cluster-run/qwen3_4b/Alpaca/node4/power_multi_energy_run2.csv

====================================================================================================
  Summary (active/logged rows only)
====================================================================================================
  Duration     : 2751.9 s
  Samples      : 27488 (27357 logged, 131 idle/skipped)
----------------------------------------------------------------------------------------------------
  Sensor     Avg Power (W)    Energy (J)       Energy (Wh)     
----------------------------------------------------------------------------------------------------
  0x40       5.76313          15783.66420      4.3843512       
  0x41       5.12561          14037.64569      3.8993460       
  0x44       5.20252          14248.30333      3.9578620       
  0x45       4.97338          13620.74489      3.7835402       
----------------------------------------------------------------------------------------------------
  TOTAL      20.96420         57690.35810      16.0250995      
====================================================================================================
