INA219 @ 0x40 connected on bus /dev/i2c-1
INA219 @ 0x41 connected on bus /dev/i2c-1
INA219 @ 0x44 connected on bus /dev/i2c-1
INA219 @ 0x45 connected on bus /dev/i2c-1
Logging ke: /home/orangepi/benchmark/result-cluster-run/qwen3_4b/Alpaca/node4/power_multi_energy_run3.csv

====================================================================================================
  Summary (active/logged rows only)
====================================================================================================
  Duration     : 5332.9 s
  Samples      : 53272 (53181 logged, 91 idle/skipped)
----------------------------------------------------------------------------------------------------
  Sensor     Avg Power (W)    Energy (J)       Energy (Wh)     
----------------------------------------------------------------------------------------------------
  0x40       5.03810          26822.07910      7.4505775       
  0x41       4.02104          21407.50973      5.9465305       
  0x44       4.12064          21937.74098      6.0938169       
  0x45       3.97517          21163.29420      5.8786928       
----------------------------------------------------------------------------------------------------
  TOTAL      17.12580         91330.62401      25.3696178      
====================================================================================================
