INA219 @ 0x40 connected on bus /dev/i2c-1
INA219 @ 0x41 connected on bus /dev/i2c-1
INA219 @ 0x44 connected on bus /dev/i2c-1
INA219 @ 0x45 connected on bus /dev/i2c-1
Logging ke: /home/orangepi/benchmark/result-cluster-run/llama31_8b/Alpaca/node4/power_multi_energy_run1.csv

====================================================================================================
  Summary (active/logged rows only)
====================================================================================================
  Duration     : 4808.1 s
  Samples      : 48025 (47864 logged, 161 idle/skipped)
----------------------------------------------------------------------------------------------------
  Sensor     Avg Power (W)    Energy (J)       Energy (Wh)     
----------------------------------------------------------------------------------------------------
  0x40       5.94471          28486.85843      7.9130162       
  0x41       5.10986          24486.32176      6.8017560       
  0x44       5.28203          25311.31525      7.0309209       
  0x45       5.04686          24184.39072      6.7178863       
----------------------------------------------------------------------------------------------------
  TOTAL      21.31183         102468.88616     28.4635795      
====================================================================================================
