INA219 @ 0x40 connected on bus /dev/i2c-1
INA219 @ 0x41 connected on bus /dev/i2c-1
INA219 @ 0x44 connected on bus /dev/i2c-1
INA219 @ 0x45 connected on bus /dev/i2c-1
Logging ke: /home/orangepi/benchmark/result-cluster-run/llama31_8b/Alpaca/node4/power_multi_energy_run3.csv

====================================================================================================
  Summary (active/logged rows only)
====================================================================================================
  Duration     : 2658.3 s
  Samples      : 26552 (26393 logged, 159 idle/skipped)
----------------------------------------------------------------------------------------------------
  Sensor     Avg Power (W)    Energy (J)       Energy (Wh)     
----------------------------------------------------------------------------------------------------
  0x40       7.30117          19292.25936      5.3589609       
  0x41       6.86993          18152.77052      5.0424363       
  0x44       7.09910          18758.29925      5.2106387       
  0x45       6.66831          17620.01949      4.8944499       
----------------------------------------------------------------------------------------------------
  TOTAL      27.77114         73823.34863      20.5064857      
====================================================================================================
