INA219 @ 0x40 connected on bus /dev/i2c-1
INA219 @ 0x41 connected on bus /dev/i2c-1
INA219 @ 0x44 connected on bus /dev/i2c-1
INA219 @ 0x45 connected on bus /dev/i2c-1
Logging ke: /home/orangepi/benchmark/result-cluster-run/llama31_8b/Alpaca/node4/power_multi_energy_run2.csv

====================================================================================================
  Summary (active/logged rows only)
====================================================================================================
  Duration     : 2762.3 s
  Samples      : 27590 (27432 logged, 158 idle/skipped)
----------------------------------------------------------------------------------------------------
  Sensor     Avg Power (W)    Energy (J)       Energy (Wh)     
----------------------------------------------------------------------------------------------------
  0x40       7.20005          19774.56781      5.4929355       
  0x41       6.77939          18619.25509      5.1720153       
  0x44       6.94010          19060.61910      5.2946164       
  0x45       6.59424          18110.74406      5.0307622       
----------------------------------------------------------------------------------------------------
  TOTAL      27.35625         75565.18607      20.9903295      
====================================================================================================
