Active sensors (counted): ['0x40', '0x41']
Inactive sensors (read but logged as 0.0, not counted): ['0x44', '0x45']
INA219 @ 0x40 connected on bus /dev/i2c-1
INA219 @ 0x41 connected on bus /dev/i2c-1
INA219 @ 0x44 connected on bus /dev/i2c-1
INA219 @ 0x45 connected on bus /dev/i2c-1
Logging ke: /home/orangepi/benchmark/result-cluster-run/qwen3_14b/Alpaca/node2/power_multi_energy_run3.csv

====================================================================================================
  Summary (active/logged rows only)
====================================================================================================
  Duration     : 7073.4 s
  Samples      : 70656 (70329 logged, 327 idle/skipped)
----------------------------------------------------------------------------------------------------
  Sensor     Avg Power (W)    Energy (J)       Energy (Wh)     
----------------------------------------------------------------------------------------------------
  0x40       7.94030          55905.00084      15.5291669      
  0x41       7.66095          53938.19707      14.9828325      
  0x44       0.00000          0.00000          0.0000000       
  0x45       0.00000          0.00000          0.0000000       
----------------------------------------------------------------------------------------------------
  TOTAL      15.52909         109843.19790     30.5119994      
====================================================================================================
