Active sensors (counted): ['0x40', '0x41']
Inactive sensors (read but logged as 0.0, not counted): ['0x44', '0x45']
INA219 @ 0x40 connected on bus /dev/i2c-1
INA219 @ 0x41 connected on bus /dev/i2c-1
INA219 @ 0x44 connected on bus /dev/i2c-1
INA219 @ 0x45 connected on bus /dev/i2c-1
Logging ke: /home/orangepi/benchmark/result-cluster-run/qwen3_14b/Alpaca/node2/power_multi_energy_run1.csv

====================================================================================================
  Summary (active/logged rows only)
====================================================================================================
  Duration     : 7217.6 s
  Samples      : 72096 (71759 logged, 337 idle/skipped)
----------------------------------------------------------------------------------------------------
  Sensor     Avg Power (W)    Energy (J)       Energy (Wh)     
----------------------------------------------------------------------------------------------------
  0x40       7.93979          57038.71092      15.8440864      
  0x41       7.66054          55032.62109      15.2868392      
  0x44       0.00000          0.00000          0.0000000       
  0x45       0.00000          0.00000          0.0000000       
----------------------------------------------------------------------------------------------------
  TOTAL      15.52744         112071.33201     31.1309256      
====================================================================================================
