INA219 @ 0x40 connected on bus /dev/i2c-1
INA219 @ 0x41 connected on bus /dev/i2c-1
INA219 @ 0x44 connected on bus /dev/i2c-1
INA219 @ 0x45 connected on bus /dev/i2c-1
Logging ke: /home/orangepi/benchmark/result-cluster-run/qwen3_1.7b/Alpaca/node4/power_multi_energy_run3.csv

====================================================================================================
  Summary (active/logged rows only)
====================================================================================================
  Duration     : 1291.6 s
  Samples      : 12901 (12812 logged, 89 idle/skipped)
----------------------------------------------------------------------------------------------------
  Sensor     Avg Power (W)    Energy (J)       Energy (Wh)     
----------------------------------------------------------------------------------------------------
  0x40       5.72122          7338.31484       2.0384208       
  0x41       5.17022          6631.54627       1.8420962       
  0x44       5.06651          6498.52730       1.8051465       
  0x45       4.84898          6219.51734       1.7276437       
----------------------------------------------------------------------------------------------------
  TOTAL      20.66313         26687.90575      7.4133072       
====================================================================================================
