INA219 @ 0x40 connected on bus /dev/i2c-1
INA219 @ 0x41 connected on bus /dev/i2c-1
INA219 @ 0x44 connected on bus /dev/i2c-1
INA219 @ 0x45 connected on bus /dev/i2c-1
Logging ke: /home/orangepi/benchmark/result-cluster-run/qwen3_1.7b/Alpaca/node4/power_multi_energy_run1.csv

====================================================================================================
  Summary (active/logged rows only)
====================================================================================================
  Duration     : 801.8 s
  Samples      : 8009 (7923 logged, 86 idle/skipped)
----------------------------------------------------------------------------------------------------
  Sensor     Avg Power (W)    Energy (J)       Energy (Wh)     
----------------------------------------------------------------------------------------------------
  0x40       6.67111          5291.21656       1.4697824       
  0x41       6.54743          5193.12781       1.4425355       
  0x44       6.37803          5058.76066       1.4052113       
  0x45       6.09358          4833.14699       1.3425408       
----------------------------------------------------------------------------------------------------
  TOTAL      25.41439         20376.25202      5.6600700       
====================================================================================================
