INA219 @ 0x40 connected on bus /dev/i2c-1
INA219 @ 0x41 connected on bus /dev/i2c-1
INA219 @ 0x44 connected on bus /dev/i2c-1
INA219 @ 0x45 connected on bus /dev/i2c-1
Logging ke: /home/orangepi/benchmark/result-cluster-run/qwen3_1.7b/Alpaca/node4/power_multi_energy_run2.csv

====================================================================================================
  Summary (active/logged rows only)
====================================================================================================
  Duration     : 787.9 s
  Samples      : 7870 (7797 logged, 73 idle/skipped)
----------------------------------------------------------------------------------------------------
  Sensor     Avg Power (W)    Energy (J)       Energy (Wh)     
----------------------------------------------------------------------------------------------------
  0x40       6.60994          5159.78380       1.4332733       
  0x41       6.57074          5129.17922       1.4247720       
  0x44       6.42995          5019.28012       1.3942445       
  0x45       6.09166          4755.21086       1.3208919       
----------------------------------------------------------------------------------------------------
  TOTAL      25.46397         20063.45399      5.5731817       
====================================================================================================
