Active sensors (counted): ['0x40', '0x41']
Inactive sensors (read but logged as 0.0, not counted): ['0x44', '0x45']
INA219 @ 0x40 connected on bus /dev/i2c-1
INA219 @ 0x41 connected on bus /dev/i2c-1
INA219 @ 0x44 connected on bus /dev/i2c-1
INA219 @ 0x45 connected on bus /dev/i2c-1
Logging ke: /home/orangepi/benchmark/result-cluster-run/qwen3_8b/Alpaca/node2/power_multi_energy_run2.csv

====================================================================================================
  Summary (active/logged rows only)
====================================================================================================
  Duration     : 3797.3 s
  Samples      : 37931 (37740 logged, 191 idle/skipped)
----------------------------------------------------------------------------------------------------
  Sensor     Avg Power (W)    Energy (J)       Energy (Wh)     
----------------------------------------------------------------------------------------------------
  0x40       7.91570          29907.16030      8.3075445       
  0x41       7.59985          28713.83109      7.9760642       
  0x44       0.00000          0.00000          0.0000000       
  0x45       0.00000          0.00000          0.0000000       
----------------------------------------------------------------------------------------------------
  TOTAL      15.43746         58620.99139      16.2836087      
====================================================================================================
