INA219 @ 0x40 connected on bus /dev/i2c-1
INA219 @ 0x41 connected on bus /dev/i2c-1
INA219 @ 0x44 connected on bus /dev/i2c-1
INA219 @ 0x45 connected on bus /dev/i2c-1
Logging ke: /home/orangepi/benchmark/result-cluster-run/qwen3_30b/Alpaca/node4/power_multi_energy_run3.csv

====================================================================================================
  Summary (active/logged rows only)
====================================================================================================
  Duration     : 1226.6 s
  Samples      : 12253 (12163 logged, 90 idle/skipped)
----------------------------------------------------------------------------------------------------
  Sensor     Avg Power (W)    Energy (J)       Energy (Wh)     
----------------------------------------------------------------------------------------------------
  0x40       7.37118          8975.03773       2.4930660       
  0x41       6.98117          8500.17371       2.3611594       
  0x44       7.11983          8669.01082       2.4080586       
  0x45       6.56591          7994.54913       2.2207081       
----------------------------------------------------------------------------------------------------
  TOTAL      27.83225         34138.77138      9.4829921       
====================================================================================================
