INA219 @ 0x40 connected on bus /dev/i2c-1
INA219 @ 0x41 connected on bus /dev/i2c-1
INA219 @ 0x44 connected on bus /dev/i2c-1
INA219 @ 0x45 connected on bus /dev/i2c-1
Logging ke: /home/orangepi/benchmark/result-cluster-run/qwen3_30b/Alpaca/node4/power_multi_energy_run1.csv

====================================================================================================
  Summary (active/logged rows only)
====================================================================================================
  Duration     : 1226.8 s
  Samples      : 12256 (12169 logged, 87 idle/skipped)
----------------------------------------------------------------------------------------------------
  Sensor     Avg Power (W)    Energy (J)       Energy (Wh)     
----------------------------------------------------------------------------------------------------
  0x40       7.32419          8921.51475       2.4781985       
  0x41       6.89810          8402.50324       2.3340287       
  0x44       7.10275          8651.79204       2.4032756       
  0x45       6.54807          7976.13169       2.2155921       
----------------------------------------------------------------------------------------------------
  TOTAL      27.67534         33951.94171      9.4310949       
====================================================================================================
