INA219 @ 0x40 connected on bus /dev/i2c-1
INA219 @ 0x41 connected on bus /dev/i2c-1
INA219 @ 0x44 connected on bus /dev/i2c-1
INA219 @ 0x45 connected on bus /dev/i2c-1
Logging ke: /home/orangepi/benchmark/result-cluster-run/qwen3_30b/Alpaca/node4/power_multi_energy_run2.csv

====================================================================================================
  Summary (active/logged rows only)
====================================================================================================
  Duration     : 1267.9 s
  Samples      : 12666 (12575 logged, 91 idle/skipped)
----------------------------------------------------------------------------------------------------
  Sensor     Avg Power (W)    Energy (J)       Energy (Wh)     
----------------------------------------------------------------------------------------------------
  0x40       7.32988          9226.91231       2.5630312       
  0x41       6.93878          8734.59770       2.4262771       
  0x44       7.09037          8925.42058       2.4792835       
  0x45       6.54830          8243.05594       2.2897378       
----------------------------------------------------------------------------------------------------
  TOTAL      27.70691         35129.98653      9.7583296       
====================================================================================================
