INA219 @ 0x40 connected on bus /dev/i2c-1
INA219 @ 0x41 connected on bus /dev/i2c-1
INA219 @ 0x44 connected on bus /dev/i2c-1
INA219 @ 0x45 connected on bus /dev/i2c-1
Logging ke: /home/orangepi/benchmark/result-cluster-run/qwen3_0.6b/Alpaca/node4/power_multi_energy_run3.csv

====================================================================================================
  Summary (active/logged rows only)
====================================================================================================
  Duration     : 368.7 s
  Samples      : 3683 (3615 logged, 68 idle/skipped)
----------------------------------------------------------------------------------------------------
  Sensor     Avg Power (W)    Energy (J)       Energy (Wh)     
----------------------------------------------------------------------------------------------------
  0x40       6.41315          2320.68714       0.6446353       
  0x41       6.22003          2250.80562       0.6252238       
  0x44       6.09091          2204.08030       0.6122445       
  0x45       5.76714          2086.91988       0.5797000       
----------------------------------------------------------------------------------------------------
  TOTAL      24.03918         8862.49295       2.4618036       
====================================================================================================
