INA219 @ 0x40 connected on bus /dev/i2c-1
INA219 @ 0x41 connected on bus /dev/i2c-1
INA219 @ 0x44 connected on bus /dev/i2c-1
INA219 @ 0x45 connected on bus /dev/i2c-1
Logging ke: /home/orangepi/benchmark/result-cluster-run/qwen3_0.6b/Alpaca/node4/power_multi_energy_run1.csv

====================================================================================================
  Summary (active/logged rows only)
====================================================================================================
  Duration     : 380.8 s
  Samples      : 3805 (3742 logged, 63 idle/skipped)
----------------------------------------------------------------------------------------------------
  Sensor     Avg Power (W)    Energy (J)       Energy (Wh)     
----------------------------------------------------------------------------------------------------
  0x40       6.14497          2301.51402       0.6393095       
  0x41       5.80998          2176.03565       0.6044543       
  0x44       5.71106          2138.98854       0.5941635       
  0x45       5.44773          2040.36430       0.5667679       
----------------------------------------------------------------------------------------------------
  TOTAL      22.73080         8656.90252       2.4046951       
====================================================================================================
