INA219 @ 0x40 connected on bus /dev/i2c-1
INA219 @ 0x41 connected on bus /dev/i2c-1
INA219 @ 0x44 connected on bus /dev/i2c-1
INA219 @ 0x45 connected on bus /dev/i2c-1
Logging ke: /home/orangepi/benchmark/result-cluster-run/qwen3_0.6b/Alpaca/node4/power_multi_energy_run2.csv

====================================================================================================
  Summary (active/logged rows only)
====================================================================================================
  Duration     : 355.1 s
  Samples      : 3547 (3467 logged, 80 idle/skipped)
----------------------------------------------------------------------------------------------------
  Sensor     Avg Power (W)    Energy (J)       Energy (Wh)     
----------------------------------------------------------------------------------------------------
  0x40       6.35951          2207.39234       0.6131645       
  0x41       6.21779          2158.20413       0.5995011       
  0x44       6.08569          2112.35038       0.5867640       
  0x45       5.77923          2005.97692       0.5572158       
----------------------------------------------------------------------------------------------------
  TOTAL      23.89116         8483.92378       2.3566455       
====================================================================================================
