INA219 @ 0x40 connected on bus /dev/i2c-1
INA219 @ 0x41 connected on bus /dev/i2c-1
INA219 @ 0x44 connected on bus /dev/i2c-1
INA219 @ 0x45 connected on bus /dev/i2c-1
Logging ke: /home/orangepi/benchmark/result-cluster-run/llama32_3b/Alpaca/node4/power_multi_energy_run1.csv

====================================================================================================
  Summary (active/logged rows only)
====================================================================================================
  Duration     : 1882.1 s
  Samples      : 18801 (18678 logged, 123 idle/skipped)
----------------------------------------------------------------------------------------------------
  Sensor     Avg Power (W)    Energy (J)       Energy (Wh)     
----------------------------------------------------------------------------------------------------
  0x40       6.05873          11328.44747      3.1467910       
  0x41       5.59997          10470.63765      2.9085105       
  0x44       5.65982          10582.55816      2.9395995       
  0x45       5.41150          10118.25942      2.8106276       
----------------------------------------------------------------------------------------------------
  TOTAL      22.58134         42499.90270      11.8055285      
====================================================================================================
