INA219 @ 0x40 connected on bus /dev/i2c-1
INA219 @ 0x41 connected on bus /dev/i2c-1
INA219 @ 0x44 connected on bus /dev/i2c-1
INA219 @ 0x45 connected on bus /dev/i2c-1
Logging ke: /home/orangepi/benchmark/result-cluster-run/llama32_3b/Alpaca/node4/power_multi_energy_run3.csv

====================================================================================================
  Summary (active/logged rows only)
====================================================================================================
  Duration     : 1555.9 s
  Samples      : 15545 (15417 logged, 128 idle/skipped)
----------------------------------------------------------------------------------------------------
  Sensor     Avg Power (W)    Energy (J)       Energy (Wh)     
----------------------------------------------------------------------------------------------------
  0x40       6.46249          9972.13351       2.7700371       
  0x41       6.18022          9536.56729       2.6490465       
  0x44       6.23429          9620.00453       2.6722235       
  0x45       5.92176          9137.74833       2.5382634       
----------------------------------------------------------------------------------------------------
  TOTAL      24.59461         38266.45366      10.6295705      
====================================================================================================
