INA219 @ 0x40 connected on bus /dev/i2c-1
INA219 @ 0x41 connected on bus /dev/i2c-1
INA219 @ 0x44 connected on bus /dev/i2c-1
INA219 @ 0x45 connected on bus /dev/i2c-1
Logging ke: /home/orangepi/benchmark/result-cluster-run/llama32_3b/Alpaca/node4/power_multi_energy_run2.csv

====================================================================================================
  Summary (active/logged rows only)
====================================================================================================
  Duration     : 1488.5 s
  Samples      : 14867 (14755 logged, 112 idle/skipped)
----------------------------------------------------------------------------------------------------
  Sensor     Avg Power (W)    Energy (J)       Energy (Wh)     
----------------------------------------------------------------------------------------------------
  0x40       6.60236          9753.24984       2.7092361       
  0x41       6.25451          9239.39812       2.5664995       
  0x44       6.30332          9311.49737       2.5865270       
  0x45       5.99370          8854.11121       2.4594753       
----------------------------------------------------------------------------------------------------
  TOTAL      24.96436         37158.25655      10.3217379      
====================================================================================================
