INA219 @ 0x40 connected on bus /dev/i2c-1
INA219 @ 0x41 connected on bus /dev/i2c-1
INA219 @ 0x44 connected on bus /dev/i2c-1
INA219 @ 0x45 connected on bus /dev/i2c-1
Logging ke: /home/orangepi/benchmark/result-cluster-run/qwen3_8b/Alpaca/node4/power_multi_energy_run3.csv

====================================================================================================
  Summary (active/logged rows only)
====================================================================================================
  Duration     : 2610.3 s
  Samples      : 26078 (25920 logged, 158 idle/skipped)
----------------------------------------------------------------------------------------------------
  Sensor     Avg Power (W)    Energy (J)       Energy (Wh)     
----------------------------------------------------------------------------------------------------
  0x40       7.19523          18667.61877      5.1854497       
  0x41       6.76382          17548.35302      4.8745425       
  0x44       6.82542          17708.15836      4.9189329       
  0x45       6.62458          17187.09167      4.7741921       
----------------------------------------------------------------------------------------------------
  TOTAL      27.24304         71111.22182      19.7531172      
====================================================================================================
