INA219 @ 0x40 connected on bus /dev/i2c-1
INA219 @ 0x41 connected on bus /dev/i2c-1
INA219 @ 0x44 connected on bus /dev/i2c-1
INA219 @ 0x45 connected on bus /dev/i2c-1
Logging ke: /home/orangepi/benchmark/result-cluster-run/qwen3_8b/Alpaca/node4/power_multi_energy_run2.csv

====================================================================================================
  Summary (active/logged rows only)
====================================================================================================
  Duration     : 2730.0 s
  Samples      : 27269 (27119 logged, 150 idle/skipped)
----------------------------------------------------------------------------------------------------
  Sensor     Avg Power (W)    Energy (J)       Energy (Wh)     
----------------------------------------------------------------------------------------------------
  0x40       6.99396          18988.53908      5.2745942       
  0x41       6.61017          17946.53314      4.9851481       
  0x44       6.67060          18110.58583      5.0307183       
  0x45       6.50246          17654.09491      4.9039153       
----------------------------------------------------------------------------------------------------
  TOTAL      26.62997         72699.75297      20.1943758      
====================================================================================================
