INA219 @ 0x40 connected on bus /dev/i2c-1
INA219 @ 0x41 connected on bus /dev/i2c-1
INA219 @ 0x44 connected on bus /dev/i2c-1
INA219 @ 0x45 connected on bus /dev/i2c-1
Logging ke: /home/orangepi/benchmark/result-cluster-run/qwen3_8b/Alpaca/node4/power_multi_energy_run1.csv

====================================================================================================
  Summary (active/logged rows only)
====================================================================================================
  Duration     : 2790.3 s
  Samples      : 27871 (27721 logged, 150 idle/skipped)
----------------------------------------------------------------------------------------------------
  Sensor     Avg Power (W)    Energy (J)       Energy (Wh)     
----------------------------------------------------------------------------------------------------
  0x40       6.95393          19299.47491      5.3609653       
  0x41       6.56411          18217.59631      5.0604434       
  0x44       6.61085          18347.31490      5.0964764       
  0x45       6.45795          17922.96105      4.9786003       
----------------------------------------------------------------------------------------------------
  TOTAL      26.44382         73787.34718      20.4964853      
====================================================================================================
