Active sensors (counted): ['0x40', '0x41']
Inactive sensors (read but logged as 0.0, not counted): ['0x44', '0x45']
INA219 @ 0x40 connected on bus /dev/i2c-1
INA219 @ 0x41 connected on bus /dev/i2c-1
INA219 @ 0x44 connected on bus /dev/i2c-1
INA219 @ 0x45 connected on bus /dev/i2c-1
Logging ke: /home/orangepi/benchmark/result-cluster-run/llama31_8b/Alpaca/node2/power_multi_energy_run3.csv

====================================================================================================
  Summary (active/logged rows only)
====================================================================================================
  Duration     : 4117.0 s
  Samples      : 41123 (40893 logged, 230 idle/skipped)
----------------------------------------------------------------------------------------------------
  Sensor     Avg Power (W)    Energy (J)       Energy (Wh)     
----------------------------------------------------------------------------------------------------
  0x40       7.98893          32706.77725      9.0852159       
  0x41       7.63937          31275.71050      8.6876974       
  0x44       0.00000          0.00000          0.0000000       
  0x45       0.00000          0.00000          0.0000000       
----------------------------------------------------------------------------------------------------
  TOTAL      15.54087         63982.48775      17.7729133      
====================================================================================================
