Active sensors (counted): ['0x40', '0x41']
Inactive sensors (read but logged as 0.0, not counted): ['0x44', '0x45']
INA219 @ 0x40 connected on bus /dev/i2c-1
INA219 @ 0x41 connected on bus /dev/i2c-1
INA219 @ 0x44 connected on bus /dev/i2c-1
INA219 @ 0x45 connected on bus /dev/i2c-1
Logging ke: /home/orangepi/benchmark/result-cluster-run/llama32_3b/Alpaca/node2/power_multi_energy_run2.csv

====================================================================================================
  Summary (active/logged rows only)
====================================================================================================
  Duration     : 1758.8 s
  Samples      : 17570 (17437 logged, 133 idle/skipped)
----------------------------------------------------------------------------------------------------
  Sensor     Avg Power (W)    Energy (J)       Energy (Wh)     
----------------------------------------------------------------------------------------------------
  0x40       7.82169          13652.68466      3.7924124       
  0x41       7.53541          13152.98976      3.6536083       
  0x44       0.00000          0.00000          0.0000000       
  0x45       0.00000          0.00000          0.0000000       
----------------------------------------------------------------------------------------------------
  TOTAL      15.24090         26805.67442      7.4460207       
====================================================================================================
