Active sensors (counted): ['0x40', '0x41']
Inactive sensors (read but logged as 0.0, not counted): ['0x44', '0x45']
INA219 @ 0x40 connected on bus /dev/i2c-1
INA219 @ 0x41 connected on bus /dev/i2c-1
INA219 @ 0x44 connected on bus /dev/i2c-1
INA219 @ 0x45 connected on bus /dev/i2c-1
Logging ke: /home/orangepi/benchmark/result-cluster-run/llama32_3b/Alpaca/node2/power_multi_energy_run3.csv

====================================================================================================
  Summary (active/logged rows only)
====================================================================================================
  Duration     : 1737.3 s
  Samples      : 17355 (17209 logged, 146 idle/skipped)
----------------------------------------------------------------------------------------------------
  Sensor     Avg Power (W)    Energy (J)       Energy (Wh)     
----------------------------------------------------------------------------------------------------
  0x40       7.82230          13475.70793      3.7432522       
  0x41       7.52920          12970.78163      3.6029949       
  0x44       0.00000          0.00000          0.0000000       
  0x45       0.00000          0.00000          0.0000000       
----------------------------------------------------------------------------------------------------
  TOTAL      15.22242         26446.48956      7.3462471       
====================================================================================================
