Active sensors (counted): ['0x40', '0x41']
Inactive sensors (read but logged as 0.0, not counted): ['0x44', '0x45']
INA219 @ 0x40 connected on bus /dev/i2c-1
INA219 @ 0x41 connected on bus /dev/i2c-1
INA219 @ 0x44 connected on bus /dev/i2c-1
INA219 @ 0x45 connected on bus /dev/i2c-1
Logging ke: /home/orangepi/benchmark/result-cluster-run/llama32_1b/Alpaca/node2/power_multi_energy_run2.csv

====================================================================================================
  Summary (active/logged rows only)
====================================================================================================
  Duration     : 714.1 s
  Samples      : 7133 (7039 logged, 94 idle/skipped)
----------------------------------------------------------------------------------------------------
  Sensor     Avg Power (W)    Energy (J)       Energy (Wh)     
----------------------------------------------------------------------------------------------------
  0x40       7.54388          5315.86587       1.4766294       
  0x41       7.33318          5167.39460       1.4353874       
  0x44       0.00000          0.00000          0.0000000       
  0x45       0.00000          0.00000          0.0000000       
----------------------------------------------------------------------------------------------------
  TOTAL      14.68108         10483.26047      2.9120168       
====================================================================================================
