Active sensors (counted): ['0x40', '0x41']
Inactive sensors (read but logged as 0.0, not counted): ['0x44', '0x45']
INA219 @ 0x40 connected on bus /dev/i2c-1
INA219 @ 0x41 connected on bus /dev/i2c-1
INA219 @ 0x44 connected on bus /dev/i2c-1
INA219 @ 0x45 connected on bus /dev/i2c-1
Logging ke: /home/orangepi/benchmark/result-cluster-run/llama32_1b/Alpaca/node2/power_multi_energy_run1.csv

====================================================================================================
  Summary (active/logged rows only)
====================================================================================================
  Duration     : 728.1 s
  Samples      : 7273 (7176 logged, 97 idle/skipped)
----------------------------------------------------------------------------------------------------
  Sensor     Avg Power (W)    Energy (J)       Energy (Wh)     
----------------------------------------------------------------------------------------------------
  0x40       7.48280          5375.84411       1.4932900       
  0x41       7.29969          5244.28679       1.4567463       
  0x44       0.00000          0.00000          0.0000000       
  0x45       0.00000          0.00000          0.0000000       
----------------------------------------------------------------------------------------------------
  TOTAL      14.58530         10620.13090      2.9500364       
====================================================================================================
