Active sensors (counted): ['0x40', '0x41']
Inactive sensors (read but logged as 0.0, not counted): ['0x44', '0x45']
INA219 @ 0x40 connected on bus /dev/i2c-1
INA219 @ 0x41 connected on bus /dev/i2c-1
INA219 @ 0x44 connected on bus /dev/i2c-1
INA219 @ 0x45 connected on bus /dev/i2c-1
Logging ke: /home/orangepi/benchmark/result-cluster-run/qwen3_0.6b/Alpaca/node2/power_multi_energy_run3.csv

====================================================================================================
  Summary (active/logged rows only)
====================================================================================================
  Duration     : 417.6 s
  Samples      : 4172 (4112 logged, 60 idle/skipped)
----------------------------------------------------------------------------------------------------
  Sensor     Avg Power (W)    Energy (J)       Energy (Wh)     
----------------------------------------------------------------------------------------------------
  0x40       7.05838          2905.37297       0.8070480       
  0x41       6.93697          2855.39168       0.7931644       
  0x44       0.00000          0.00000          0.0000000       
  0x45       0.00000          0.00000          0.0000000       
----------------------------------------------------------------------------------------------------
  TOTAL      13.79415         5760.76466       1.6002124       
====================================================================================================
