INA219 @ 0x40 connected on bus /dev/i2c-1
INA219 @ 0x41 connected on bus /dev/i2c-1
INA219 @ 0x44 connected on bus /dev/i2c-1
INA219 @ 0x45 connected on bus /dev/i2c-1
Logging ke: /home/orangepi/benchmark/result-cluster-run/qwen3_14b/Alpaca/node4/power_multi_energy_run2_resume_tmp.csv

====================================================================================================
  Summary (active/logged rows only)
====================================================================================================
  Duration     : 2817.7 s
  Samples      : 28145 (28137 logged, 8 idle/skipped)
----------------------------------------------------------------------------------------------------
  Sensor     Avg Power (W)    Energy (J)       Energy (Wh)     
----------------------------------------------------------------------------------------------------
  0x40       6.81679          19201.89457      5.3338596       
  0x41       6.45611          18185.90263      5.0516396       
  0x44       6.52529          18380.77067      5.1057696       
  0x45       6.24982          17604.80179      4.8902227       
----------------------------------------------------------------------------------------------------
  TOTAL      26.04022         73373.36966      20.3814916      
====================================================================================================
