INA219 @ 0x40 connected on bus /dev/i2c-1
INA219 @ 0x41 connected on bus /dev/i2c-1
INA219 @ 0x44 connected on bus /dev/i2c-1
INA219 @ 0x45 connected on bus /dev/i2c-1
Logging ke: /home/orangepi/benchmark/result-cluster-run/qwen3_14b/Alpaca/node4/power_multi_energy_run1.csv

====================================================================================================
  Summary (active/logged rows only)
====================================================================================================
  Duration     : 5332.4 s
  Samples      : 53264 (53254 logged, 10 idle/skipped)
----------------------------------------------------------------------------------------------------
  Sensor     Avg Power (W)    Energy (J)       Energy (Wh)     
----------------------------------------------------------------------------------------------------
  0x40       6.86719          36611.17432      10.1697706      
  0x41       6.52454          34784.36089      9.6623225       
  0x44       6.58772          35121.17339      9.7558815       
  0x45       6.29881          33580.91197      9.3280311       
----------------------------------------------------------------------------------------------------
  TOTAL      26.27311         140097.62057     38.9160057      
====================================================================================================
