INA219 @ 0x40 connected on bus /dev/i2c-1
INA219 @ 0x41 connected on bus /dev/i2c-1
INA219 @ 0x44 connected on bus /dev/i2c-1
INA219 @ 0x45 connected on bus /dev/i2c-1
Logging ke: /home/orangepi/benchmark/result-cluster-run/qwen3_14b/Alpaca/node4/power_multi_energy_run3.csv

====================================================================================================
  Summary (active/logged rows only)
====================================================================================================
  Duration     : 5456.9 s
  Samples      : 54508 (54269 logged, 239 idle/skipped)
----------------------------------------------------------------------------------------------------
  Sensor     Avg Power (W)    Energy (J)       Energy (Wh)     
----------------------------------------------------------------------------------------------------
  0x40       6.94273          37719.66362      10.4776843      
  0x41       6.53148          35485.34075      9.8570391       
  0x44       6.60899          35906.46253      9.9740174       
  0x45       6.31316          34299.18036      9.5275501       
----------------------------------------------------------------------------------------------------
  TOTAL      26.28070         143410.64726     39.8362909      
====================================================================================================
